nohup: ignoring input
/home/arooba/compute-aware-vit-variant-c/train_adaptive_v2.py:188: FutureWarning: You are using `torch.load` with `weights_only=False` (the current default value), which uses the default pickle module implicitly. It is possible to construct malicious pickle data which will execute arbitrary code during unpickling (See https://github.com/pytorch/pytorch/blob/main/SECURITY.md#untrusted-models for more details). In a future release, the default value for `weights_only` will be flipped to `True`. This limits the functions that could be executed during unpickling. Arbitrary objects will no longer be allowed to be loaded via this mode unless they are explicitly allowlisted by the user via `torch.serialization.add_safe_globals`. We recommend you start setting `weights_only=True` for any use case where you don't have full control of the loaded file. Please open an issue on GitHub for any issues related to this experimental feature.
  torch.load(os.path.join(args.out_dir, 'best_model.pth'), map_location=device)
Device: cuda | budget_weight=0.1 | lambda_warmup=5 | tau: 3.0 → 0.5
Parameters: 5,562,919
Budget levels (tokens): [49, 98, 196]
Epoch 01/20 | τ=3.000 λ=0.0200 | train_loss=2.4940 train_acc=0.3829 budget=0.9000 | val_loss=1.1520 val_acc=0.6723 token_ratio=1.0000
Epoch 02/20 | τ=2.635 λ=0.0400 | train_loss=1.5792 train_acc=0.5757 budget=0.9878 | val_loss=0.9015 val_acc=0.7369 token_ratio=1.0000
Epoch 03/20 | τ=2.323 λ=0.0600 | train_loss=1.3860 train_acc=0.6228 budget=0.9839 | val_loss=0.8301 val_acc=0.7551 token_ratio=1.0000
Epoch 04/20 | τ=2.057 λ=0.0800 | train_loss=1.2814 train_acc=0.6525 budget=0.9750 | val_loss=0.7941 val_acc=0.7626 token_ratio=1.0000
Epoch 05/20 | τ=1.829 λ=0.1000 | train_loss=1.2015 train_acc=0.6701 budget=0.9693 | val_loss=0.7339 val_acc=0.7765 token_ratio=1.0000
Epoch 06/20 | τ=1.635 λ=0.1000 | train_loss=1.1372 train_acc=0.6859 budget=0.9708 | val_loss=0.7332 val_acc=0.7805 token_ratio=1.0000
Epoch 07/20 | τ=1.469 λ=0.1000 | train_loss=1.0866 train_acc=0.6996 budget=0.9752 | val_loss=0.7505 val_acc=0.7773 token_ratio=1.0000
Epoch 08/20 | τ=1.328 λ=0.1000 | train_loss=1.0373 train_acc=0.7113 budget=0.9785 | val_loss=0.7237 val_acc=0.7875 token_ratio=1.0000
Epoch 09/20 | τ=1.207 λ=0.1000 | train_loss=0.9854 train_acc=0.7263 budget=0.9902 | val_loss=0.7299 val_acc=0.7846 token_ratio=1.0000
Epoch 10/20 | τ=1.104 λ=0.1000 | train_loss=0.9662 train_acc=0.7325 budget=0.9935 | val_loss=0.6866 val_acc=0.7987 token_ratio=1.0000
Epoch 11/20 | τ=1.015 λ=0.1000 | train_loss=0.9315 train_acc=0.7435 budget=0.9972 | val_loss=0.7069 val_acc=0.7944 token_ratio=1.0000
Epoch 12/20 | τ=0.940 λ=0.1000 | train_loss=0.9024 train_acc=0.7521 budget=0.9965 | val_loss=0.7068 val_acc=0.7903 token_ratio=1.0000
Epoch 13/20 | τ=0.876 λ=0.1000 | train_loss=0.8740 train_acc=0.7596 budget=0.9984 | val_loss=0.6855 val_acc=0.8011 token_ratio=1.0000
Epoch 14/20 | τ=0.821 λ=0.1000 | train_loss=0.8547 train_acc=0.7643 budget=0.9982 | val_loss=0.7024 val_acc=0.7976 token_ratio=1.0000
Epoch 15/20 | τ=0.774 λ=0.1000 | train_loss=0.8308 train_acc=0.7714 budget=0.9991 | val_loss=0.7388 val_acc=0.7892 token_ratio=1.0000
Epoch 16/20 | τ=0.734 λ=0.1000 | train_loss=0.8139 train_acc=0.7752 budget=0.9996 | val_loss=0.7100 val_acc=0.7977 token_ratio=1.0000
Epoch 17/20 | τ=0.700 λ=0.1000 | train_loss=0.7963 train_acc=0.7810 budget=0.9998 | val_loss=0.7063 val_acc=0.8022 token_ratio=1.0000
Epoch 18/20 | τ=0.671 λ=0.1000 | train_loss=0.7736 train_acc=0.7862 budget=0.9998 | val_loss=0.6890 val_acc=0.8034 token_ratio=1.0000
Epoch 19/20 | τ=0.646 λ=0.1000 | train_loss=0.7500 train_acc=0.7926 budget=1.0000 | val_loss=0.7103 val_acc=0.7994 token_ratio=1.0000
Epoch 20/20 | τ=0.624 λ=0.1000 | train_loss=0.7481 train_acc=0.7953 budget=1.0000 | val_loss=0.7401 val_acc=0.7958 token_ratio=1.0000

Best val acc: 0.8034 | Mean token ratio: 1.0000 | FLOPs per budget: {49: 0.5209, 98: 0.7169, 196: 1.1088}
