/home/arooba/compute-aware-vit-variant-c/train_adaptive.py:148: FutureWarning: You are using `torch.load` with `weights_only=False` (the current default value), which uses the default pickle module implicitly. It is possible to construct malicious pickle data which will execute arbitrary code during unpickling (See https://github.com/pytorch/pytorch/blob/main/SECURITY.md#untrusted-models for more details). In a future release, the default value for `weights_only` will be flipped to `True`. This limits the functions that could be executed during unpickling. Arbitrary objects will no longer be allowed to be loaded via this mode unless they are explicitly allowlisted by the user via `torch.serialization.add_safe_globals`. We recommend you start setting `weights_only=True` for any use case where you don't have full control of the loaded file. Please open an issue on GitHub for any issues related to this experimental feature.
  model.load_state_dict(torch.load(os.path.join(args.out_dir, 'best_model.pth'), map_location=device))
Device: cuda  budget_weight=0.1
Parameters: 5,562,919
Budget levels (tokens): [49, 98, 196]
Epoch 01/20 | train_loss=2.8866 train_acc=0.2960 budget=0.2674 | val_loss=1.6100 val_acc=0.5587 token_ratio=0.2500
Epoch 02/20 | train_loss=1.9975 train_acc=0.4768 budget=0.2500 | val_loss=1.3049 val_acc=0.6347 token_ratio=0.2500
Epoch 03/20 | train_loss=1.7535 train_acc=0.5349 budget=0.2501 | val_loss=1.1533 val_acc=0.6684 token_ratio=0.2500
Epoch 04/20 | train_loss=1.6357 train_acc=0.5625 budget=0.2500 | val_loss=1.1199 val_acc=0.6760 token_ratio=0.2500
Epoch 05/20 | train_loss=1.5377 train_acc=0.5851 budget=0.2500 | val_loss=1.0464 val_acc=0.7040 token_ratio=0.2500
Epoch 06/20 | train_loss=1.4689 train_acc=0.6031 budget=0.2500 | val_loss=1.0039 val_acc=0.7124 token_ratio=0.2500
Epoch 07/20 | train_loss=1.4072 train_acc=0.6163 budget=0.2500 | val_loss=0.9654 val_acc=0.7169 token_ratio=0.2500
Epoch 08/20 | train_loss=1.3423 train_acc=0.6317 budget=0.2500 | val_loss=0.9155 val_acc=0.7317 token_ratio=0.2500
Epoch 09/20 | train_loss=1.2818 train_acc=0.6513 budget=0.2500 | val_loss=0.9245 val_acc=0.7311 token_ratio=0.2500
Epoch 10/20 | train_loss=1.2538 train_acc=0.6557 budget=0.2500 | val_loss=0.9099 val_acc=0.7364 token_ratio=0.2500
Epoch 11/20 | train_loss=1.2123 train_acc=0.6673 budget=0.2500 | val_loss=0.8807 val_acc=0.7456 token_ratio=0.2500
Epoch 12/20 | train_loss=1.1768 train_acc=0.6766 budget=0.2500 | val_loss=0.8892 val_acc=0.7410 token_ratio=0.2500
Epoch 13/20 | train_loss=1.1492 train_acc=0.6835 budget=0.2500 | val_loss=0.9022 val_acc=0.7428 token_ratio=0.2500
Epoch 14/20 | train_loss=1.1150 train_acc=0.6922 budget=0.2500 | val_loss=0.8885 val_acc=0.7454 token_ratio=0.2500
Epoch 15/20 | train_loss=1.0882 train_acc=0.7001 budget=0.2500 | val_loss=0.8728 val_acc=0.7482 token_ratio=0.2500
Epoch 16/20 | train_loss=1.0646 train_acc=0.7068 budget=0.2500 | val_loss=0.8800 val_acc=0.7457 token_ratio=0.2500
Epoch 17/20 | train_loss=1.0432 train_acc=0.7104 budget=0.2500 | val_loss=0.9011 val_acc=0.7444 token_ratio=0.2500
Epoch 18/20 | train_loss=1.0173 train_acc=0.7194 budget=0.2500 | val_loss=0.8937 val_acc=0.7442 token_ratio=0.2500
Epoch 19/20 | train_loss=0.9876 train_acc=0.7277 budget=0.2500 | val_loss=0.9243 val_acc=0.7361 token_ratio=0.2500
Epoch 20/20 | train_loss=0.9780 train_acc=0.7289 budget=0.2500 | val_loss=0.8633 val_acc=0.7571 token_ratio=0.2500

Best val acc: 0.7571 | Mean token ratio: 0.2500 | FLOPs per budget: {49: 0.5209, 98: 0.7169, 196: 1.1088}
